
> fizika-6-sinf-sayt@0.0.0 build
> vite build

[36mvite v6.0.0 [32mbuilding for production...[36m[39m
transforming...
[32mтЬУ[39m 2197 modules transformed.
node.exe : [31mx[39m Build failed in 3.77s
строка:1 знак:1
+ & "C:\Program Files\nodejs/node.exe" "C:\Program Files\nodejs/node_mo ...
+ ~~~~~~~~~~~~~~~~~~~~~~~~~~~~~~~~~~~~~~~~~~~~~~~~~~~~~~~~~~~~~~~~~~~~~
    + CategoryInfo          : NotSpecified: ([31mx[39m Build failed in 3.77s:String) [], RemoteException
    + FullyQualifiedErrorId : NativeCommandError
 
[31merror during build:
[31msrc/pages/TextbookPage.jsx (19:31): "getVideoForLesson" is not exported by "src/services/textbookService.js", impo
rted by "src/pages/TextbookPage.jsx".[31m
file: [36mC:/Users/user/Desktop/Fizika 6 sinf sayt/src/pages/TextbookPage.jsx:19:31[31m
[33m
17:   RiCloseLine
18: } from 'react-icons/ri';
19: import { getCombinedTextbooks, getVideoForLesson, saveCustomLesson, hideLesson } from '../services/textbookService'
;
                                   ^
20: import { useLanguage } from '../context/LanguageContext';
21: import { useAuth } from '../context/AuthContext';
[31m
    at getRollupError (file:///C:/Users/user/Desktop/Fizika%206%20sinf%20sayt/node_modules/rollup/dist/es/shared/parseA
st.js:406:41)
    at error (file:///C:/Users/user/Desktop/Fizika%206%20sinf%20sayt/node_modules/rollup/dist/es/shared/parseAst.js:402
:42)
    at Module.error (file:///C:/Users/user/Desktop/Fizika%206%20sinf%20sayt/node_modules/rollup/dist/es/shared/node-ent
ry.js:17380:16)
    at Module.traceVariable (file:///C:/Users/user/Desktop/Fizika%206%20sinf%20sayt/node_modules/rollup/dist/es/shared/
node-entry.js:17813:29)
    at ModuleScope.findVariable (file:///C:/Users/user/Desktop/Fizika%206%20sinf%20sayt/node_modules/rollup/dist/es/sha
red/node-entry.js:15403:39)
    at ReturnValueScope.findVariable (file:///C:/Users/user/Desktop/Fizika%206%20sinf%20sayt/node_modules/rollup/dist/e
s/shared/node-entry.js:5676:38)
    at FunctionBodyScope.findVariable (file:///C:/Users/user/Desktop/Fizika%206%20sinf%20sayt/node_modules/rollup/dist/
es/shared/node-entry.js:5676:38)
    at ReturnValueScope.findVariable (file:///C:/Users/user/Desktop/Fizika%206%20sinf%20sayt/node_modules/rollup/dist/e
s/shared/node-entry.js:5676:38)
    at FunctionBodyScope.findVariable (file:///C:/Users/user/Desktop/Fizika%206%20sinf%20sayt/node_modules/rollup/dist/
es/shared/node-entry.js:5676:38)
    at Identifier.bind (file:///C:/Users/user/Desktop/Fizika%206%20sinf%20sayt/node_modules/rollup/dist/es/shared/node-
entry.js:5450:40)[39m
